# 服务器巡检报告

**生成时间**: 2026-06-05 22:10:05

## 磁盘使用情况
```
Filesystem      Size  Used Avail Use% Mounted on
none            3.7G     0  3.7G   0% /usr/lib/modules/6.6.114.1-microsoft-standard-WSL2
none            3.7G  4.0K  3.7G   1% /mnt/wsl
drivers         201G  160G   42G  80% /usr/lib/wsl/drivers
/dev/sdd       1007G   36G  921G   4% /
none            3.7G   76K  3.7G   1% /mnt/wslg
none            3.7G     0  3.7G   0% /usr/lib/wsl/lib
rootfs          3.7G  2.8M  3.7G   1% /init
none            3.7G   16K  3.7G   1% /run
none            3.7G     0  3.7G   0% /run/lock
none            3.7G     0  3.7G   0% /run/shm
none            3.7G     0  3.7G   0% /run/user
none            3.7G  104K  3.7G   1% /mnt/wslg/versions.txt
none            3.7G  104K  3.7G   1% /mnt/wslg/doc
C:\             201G  160G   42G  80% /mnt/c
D:\             249G  178G   71G  72% /mnt/d
```

## 内存使用情况
```
               total        used        free      shared  buff/cache   available
Mem:           7.4Gi       1.7Gi       5.3Gi       3.0Mi       332Mi       5.5Gi
Swap:          2.0Gi          0B       2.0Gi
```

## 系统负载
 22:10:05 up 11:11,  0 users,  load average: 0.02, 0.02, 0.00

## 最近登录
```

wtmp begins Sun May 31 16:54:34 2026
```
